 gdb a.out
GNU gdb (Ubuntu 8.1.1-0ubuntu1) 8.1.1
Copyright (C) 2018 Free Software Foundation, Inc.
License GPLv3+: GNU GPL version 3 or later <http://gnu.org/licenses/gpl.html>
This is free software: you are free to change and redistribute it.
There is NO WARRANTY, to the extent permitted by law.  Type "show copying"
and "show warranty" for details.
This GDB was configured as "x86_64-linux-gnu".
Type "show configuration" for configuration details.
For bug reporting instructions, please see:
<http://www.gnu.org/software/gdb/bugs/>.
Find the GDB manual and other documentation resources online at:
<http://www.gnu.org/software/gdb/documentation/>.
For help, type "help".
Type "apropos word" to search for commands related to "word"...
Reading symbols from a.out...done.
(gdb) b main
Breakpoint 1 at 0x81c: file p1final.c, line 18.
(gdb) r
Starting program: /home/runner/pps-IA1-practice/a.out 
warning: Error disabling address space randomization: Operation not permitted

Breakpoint 1, main () at p1final.c:18
18  {
(gdb) n
20    input(&x,&y);
(gdb) s
input (a=0x7ffe5d663b2c, 
    b=0x7ffe5d663b30) at p1final.c:4
4     printf("enter the value\n");
(gdb) n
enter the value
5     scanf("%d",&*a);
(gdb) n
 gcc -g p2final.c;./a.out
enter the comparing value
4
enter the comparing value
5
enter the comparing value
6
bigger value among three is 6 
 gdb a.out
GNU gdb (Ubuntu 8.1.1-0ubuntu1) 8.1.1
Copyright (C) 2018 Free Software Foundation, Inc.
License GPLv3+: GNU GPL version 3 or later <http://gnu.org/licenses/gpl.html>
This is free software: you are free to change and redistribute it.
There is NO WARRANTY, to the extent permitted by law.  Type "show copying"
and "show warranty" for details.
This GDB was configured as "x86_64-linux-gnu".
Type "show configuration" for configuration details.
For bug reporting instructions, please see:
<http://www.gnu.org/software/gdb/bugs/>.
Find the GDB manual and other documentation resources online at:
<http://www.gnu.org/software/gdb/documentation/>.
For help, type "help".
Type "apropos word" to search for commands related to "word"...
Reading symbols from a.out...done.
(gdb) b main
Breakpoint 1 at 0x826: file p2final.c, line 25.
(gdb) r
Starting program: /home/runner/pps-IA1-practice/a.out 
warning: Error disabling address space randomization: Operation not permitted

Breakpoint 1, main () at p2final.c:25
25    a=input();
(gdb) n
enter the comparing value
n
26    b=input();
(gdb) n
enter the comparing value
27    c=input();
(gdb) n
enter the comparing value
28    big=cmp(a,b,c);
(gdb) n
29    output(big);
(gdb) s
output (big=32744) at p2final.c:20
20    printf("bigger value among three is %d",big);
(gdb) n
21  }
(gdb) n
main () at p2final.c:30
30    return 0;
(gdb) n
31  }(gdb) 